[www.rijorajan.website/index.html]
[backblue.gif]
[fade.gif]
[index.html]
[www.rijorajan.website/css/reset.css]
[www.rijorajan.website/cdn-cgi/scripts/5c5dd728/cloudflare-static/email-decode.min.js]
[www.rijorajan.website/css/perfect-scrollbar.css]
[www.rijorajan.website/css/bootstrap-grid.min.css]
[www.rijorajan.website/css/owl.carousel.css]
[www.rijorajan.website/css/animations.css]
[www.rijorajan.website/www.google.com/recaptcha/api.js]
[www.rijorajan.website/index.html]
[www.rijorajan.website/css/reset.css]
[www.rijorajan.website/css/bootstrap-grid.min.css]
[www.rijorajan.website/js/modernizr.custom.js]
[www.rijorajan.website/css/animations.css]
[www.rijorajan.website/css/magnific-popup.css]
[www.rijorajan.website/css/main.css]
[www.rijorajan.website/css/perfect-scrollbar.css]
[www.rijorajan.website/img/main_bg.png]
[d33wubrfki0l68.cloudfront.net/c61dbe3f6377521b1992b394c671ce463a4e4992/27f3f/img/main_photo.replace.jpg]
[www.rijorajan.website/css/owl.carousel.css]
[d33wubrfki0l68.cloudfront.net/a7fe193568d94f1e06127ba5a424baa4f1f67921/bbacf/img/testimonials/testimonial.1.jpg]
[d33wubrfki0l68.cloudfront.net/edd6fd9b709e40326beea979b933b49de6ec4c16/0cfcc/img/testimonials/testimonial.3.jpg]
[www.rijorajan.website/css/magnific-popup.css]
[d33wubrfki0l68.cloudfront.net/8fec5f2c2c8671c6049c5d8cca0f1912dfa01556/28d90/img/testimonials/testimonial.2.jpg]
[d33wubrfki0l68.cloudfront.net/13151b061a8cf8bd704ae343014e4c49b05a2aa3/cfb2a/img/clients/ibm_certification.png]
[d33wubrfki0l68.cloudfront.net/3e7265d44a90af51a3c7b8277f1856c62c85d1da/4813d/img/clients/client-1.png]
[d33wubrfki0l68.cloudfront.net/838cf7b892e2f9bd0212bb0286f3cc17cd1f5436/08074/img/clients/client-2.png]
[www.rijorajan.website/css/main.css]
[www.rijorajan.website/js/animating.js]
[www.rijorajan.website/js/imagesloaded.pkgd.min.js]
[www.rijorajan.website/js/jquery.shuffle.min.js]
[www.rijorajan.website/js/perfect-scrollbar.min.js]
[www.rijorajan.website/js/jquery-2.1.3.min.js]
[www.rijorajan.website/js/masonry.pkgd.min.js]
[www.rijorajan.website/js/jquery.magnific-popup.min.js]
[www.rijorajan.website/js/validator.js]
[www.rijorajan.website/js/jquery.googlemap.js]
[www.rijorajan.website/js/owl.carousel.min.js]
[www.rijorajan.website/js/main.js]
[www.rijorajan.website/css/fonts/linear-icons-font/style.css]
[d33wubrfki0l68.cloudfront.net/bb12592eae7712e33e2f294fe95b76645d1ca6fa/21721/img/clients/client-3.png]
[www.rijorajan.website/cdn-cgi/scripts/5c5dd728/cloudflare-static/email-decode.min.html]
[www.rijorajan.website/www.google.com/recaptcha/api.html]
[www.rijorajan.website/css/fonts/linear-icons-font/style.css]
[www.rijorajan.website/css/fonts/linear-icons-font/fonts/Linearicons-Free54e954e9.woff2]
[www.rijorajan.website/css/fonts/fontawesome-free-5.12.1-web/css/all.min.css]
[www.rijorajan.website/css/fonts/linear-icons-font/fonts/Linearicons-Free54e954e9.eot]
[www.rijorajan.website/css/fonts/linear-icons-font/fonts/Linearicons-Freed41dd41d.eot]
[www.rijorajan.website/css/fonts/fontawesome-free-5.12.1-web/css/all.min.css]
[www.rijorajan.website/css/fonts/linear-icons-font/fonts/Linearicons-Free54e954e9.ttf]
[www.rijorajan.website/css/fonts/linear-icons-font/fonts/Linearicons-Free54e954e9.woff]
[www.rijorajan.website/css/fonts/fontawesome-free-5.12.1-web/webfonts/fa-brands-400.woff2]
[www.rijorajan.website/css/fonts/linear-icons-font/fonts/Linearicons-Free54e954e9.svg]
[www.rijorajan.website/css/fonts/linear-icons-font/fonts/Linearicons-Free54e954e9.svg]
[www.rijorajan.website/css/fonts/fontawesome-free-5.12.1-web/webfonts/fa-brands-400.ttf]
[www.rijorajan.website/css/fonts/fontawesome-free-5.12.1-web/webfonts/fa-brands-400.eot]
[www.rijorajan.website/css/fonts/fontawesome-free-5.12.1-web/webfonts/fa-brands-400d41dd41d.eot]
[www.rijorajan.website/css/fonts/fontawesome-free-5.12.1-web/webfonts/fa-regular-400.eot]
[www.rijorajan.website/css/fonts/fontawesome-free-5.12.1-web/webfonts/fa-regular-400d41dd41d.eot]
[www.rijorajan.website/css/fonts/fontawesome-free-5.12.1-web/webfonts/fa-regular-400.woff2]
[www.rijorajan.website/css/fonts/fontawesome-free-5.12.1-web/webfonts/fa-brands-400.woff]
[www.rijorajan.website/css/fonts/fontawesome-free-5.12.1-web/webfonts/fa-regular-400.ttf]
[www.rijorajan.website/css/fonts/fontawesome-free-5.12.1-web/webfonts/fa-regular-400.woff]
[www.rijorajan.website/css/fonts/fontawesome-free-5.12.1-web/webfonts/fa-regular-400.svg]
[www.rijorajan.website/css/fonts/fontawesome-free-5.12.1-web/webfonts/fa-solid-900.woff2]
[www.rijorajan.website/css/fonts/fontawesome-free-5.12.1-web/webfonts/fa-solid-900.eot]
[www.rijorajan.website/css/fonts/fontawesome-free-5.12.1-web/webfonts/fa-solid-900.ttf]
[www.rijorajan.website/css/fonts/fontawesome-free-5.12.1-web/webfonts/fa-solid-900d41dd41d.eot]
[www.rijorajan.website/css/fonts/fontawesome-free-5.12.1-web/webfonts/fa-solid-900.woff]
[www.rijorajan.website/css/fonts/fontawesome-free-5.12.1-web/webfonts/fa-brands-400.svg]
[www.rijorajan.website/css/fonts/fontawesome-free-5.12.1-web/webfonts/fa-brands-400.svg]
[www.rijorajan.website/css/fonts/fontawesome-free-5.12.1-web/webfonts/fa-regular-400.svg]
[www.rijorajan.website/css/fonts/fontawesome-free-5.12.1-web/webfonts/fa-solid-900.svg]
[www.rijorajan.website/css/fonts/fontawesome-free-5.12.1-web/webfonts/fa-solid-900.svg]
